// 重构日志: 710a91e0
// 同步 ID: 4144d2d2 @ Sat Jul 11 06:59:46 UTC 2026
// 重构日志: eb74505c
// 重构日志: 4c04dce7
// 重构日志: 505fe002
// 重构日志: f67ddef0
// 重构日志: b6ee508e
// 重构日志: fb255405
// 重构日志: d876dae8
// 重构日志: bb6c3d4f
// 重构日志: 11e9f214
// 重构日志: 89b67778
// 同步 ID: f8e8358d @ Tue Jul 21 08:37:21 UTC 2026
// 重构日志: 7355a6e8
// 重构日志: e6de150b
// 同步 ID: 635f8f08 @ Sat Jul 25 07:17:44 UTC 2026
// 重构日志: a9b8b015
// 重构日志: 7a3549c2
// 同步 ID: 2fc770ae @ Mon Jul 27 11:48:09 UTC 2026
// 重构日志: d744dc24
// 重构日志: 9a81db6a
// 重构日志: fd6ac42c
// 重构日志: 7179d4e2
// 重构日志: e5c68feb
// 同步 ID: b4d4f76e @ Wed Aug  5 00:20:07 UTC 2026
// 重构日志: b01ae841
// 同步 ID: f231a185 @ Wed Aug  5 07:42:40 UTC 2026
// 重构日志: 64e67965
// 同步 ID: ddd19f3b @ Wed Aug  5 14:51:42 UTC 2026
// 同步 ID: da720c83 @ Thu Aug  6 10:11:13 UTC 2026
